#-----------------------------------------------------------
# Webtalk v2019.1 (64-bit)
# SW Build 2552052 on Fri May 24 14:49:42 MDT 2019
# IP Build 2548770 on Fri May 24 18:01:18 MDT 2019
# Start of session at: Wed May 19 21:56:43 2021
# Process ID: 14412
# Current directory: H:/Documents/vivado_projs/ES3B2_project_assignment/ES3B2_project_assignment.sim/sim_1/behav/xsim
# Command line: wbtcv.exe -mode batch -source H:/Documents/vivado_projs/ES3B2_project_assignment/ES3B2_project_assignment.sim/sim_1/behav/xsim/xsim.dir/test_bench_behav/webtalk/xsim_webtalk.tcl -notrace
# Log file: H:/Documents/vivado_projs/ES3B2_project_assignment/ES3B2_project_assignment.sim/sim_1/behav/xsim/webtalk.log
# Journal file: H:/Documents/vivado_projs/ES3B2_project_assignment/ES3B2_project_assignment.sim/sim_1/behav/xsim\webtalk.jou
#-----------------------------------------------------------
source H:/Documents/vivado_projs/ES3B2_project_assignment/ES3B2_project_assignment.sim/sim_1/behav/xsim/xsim.dir/test_bench_behav/webtalk/xsim_webtalk.tcl -notrace
